// Jest Snapshot v1, https://goo.gl/fbAQLP

exports[`render MPO should MPO render correctly 1`] = `
Array [
  <div
    className="movie-rating"
  >
    <div
      className="movie-rating__score"
    >
      5.5
    </div>
    <p
      className="movie-rating__meta"
    >
      <span
        className="movie-rating__level"
      >
        Very good
      </span>
      <span
        className="movie-rating__count"
      >
        2323
         ratings
      </span>
    </p>
  </div>,
  <div
    className="movie-card__text"
  >
    <p>
      The lives of two mob hitmen, a boxer, a gangster and his wife, and a pair of diner bandits intertwine in four tales of violence and redemption.
    </p>
    <p
      className="movie-card__director"
    >
      <strong>
        Director: 
        Quentin Tarantino
      </strong>
    </p>
    <p
      className="movie-card__starring"
    >
      <strong>
        Starring: 
        Tim Roth, Amanda Plummer, Laura Lovelace, John Travolta, Samuel L. Jackson
         and other
      </strong>
    </p>
  </div>,
]
`;
