// Jest Snapshot v1, https://goo.gl/fbAQLP

exports[`render MPO should MPO render correctly 1`] = `
Array [
  <div
    className="movie-rating"
  >
    <div
      className="movie-rating__score"
    >
      7.8
    </div>
    <p
      className="movie-rating__meta"
    >
      <span
        className="movie-rating__level"
      >
        Good
      </span>
      <span
        className="movie-rating__count"
      >
        43332
         ratings
      </span>
    </p>
  </div>,
  <div
    className="movie-card__text"
  >
    <p>
      A paraplegic Marine dispatched to the moon Pandora on a unique mission becomes torn between following his orders and protecting the world he feels is his home.
    </p>
    <p
      className="movie-card__director"
    >
      <strong>
        Director: 
        James Cameron
      </strong>
    </p>
    <p
      className="movie-card__starring"
    >
      <strong>
        Starring: 
        Sam Worthington, Zoe Saldana, Sigourney Weaver
         and other
      </strong>
    </p>
  </div>,
]
`;
