// Jest Snapshot v1, https://goo.gl/fbAQLP

exports[`Render GLI should GenresListItem render correctly 1`] = `
<li
  className="catalog__genres-item catalog__genres-item--active"
>
  <a
    className="catalog__genres-link"
    href="#"
    onClick={[Function]}
  >
    Overview
  </a>
</li>
`;
