// Jest Snapshot v1, https://goo.gl/fbAQLP

exports[`UserBlock test SignIn renfer correctly 1`] = `
<div
  className="user-block"
>
  <a
    className="user-block__link"
    href="/login"
  >
    Sign in
  </a>
</div>
`;
