// Jest Snapshot v1, https://goo.gl/fbAQLP

exports[`Render component Should App render correctly 1`] = `
<div>
  ...Loading. Wait a few seconds
</div>
`;
