// Jest Snapshot v1, https://goo.gl/fbAQLP

exports[`Render ShowMoreButton Should ShowMoreButton render correctly 1`] = `
<div
  className="catalog__more"
>
  <button
    className="catalog__button"
    onClick={[MockFunction]}
    type="button"
  >
    Show more
  </button>
</div>
`;
