// Jest Snapshot v1, https://goo.gl/fbAQLP

exports[`MovieCardDescriptionItem render MovieCardDescriptionItem render correctly 1`] = `
<li
  className="movie-nav__item"
  onClick={[Function]}
>
  <a
    className="movie-nav__link"
    href="#"
  >
    Default
  </a>
</li>
`;
